../Core/Src/main.c:85:6:My_Motor_Control	16	static
../Core/Src/main.c:115:6:my_Low_Power_Alert	16	static
../Core/Src/main.c:126:6:Display_PID	56	static
../Core/Src/main.c:160:6:Display_Battery	32	static
../Core/Src/main.c:198:6:Display_Frame	16	static
../Core/Src/main.c:207:6:Display_Logo	16	static
../Core/Src/main.c:214:6:Display_Bluetooth_status	24	static
../Core/Src/main.c:225:6:my_Oled_Display	24	static
../Core/Src/main.c:248:5:main	8	static
../Core/Src/main.c:314:6:SystemClock_Config	88	static
../Core/Src/main.c:360:13:MX_ADC1_Init	24	static
../Core/Src/main.c:407:13:MX_I2C2_Init	8	static
../Core/Src/main.c:441:13:MX_TIM4_Init	64	static
../Core/Src/main.c:512:13:MX_USART1_UART_Init	8	static
../Core/Src/main.c:545:13:MX_GPIO_Init	40	static
../Core/Src/main.c:591:6:HAL_ADC_ConvCpltCallback	16	static
../Core/Src/main.c:600:6:HAL_UART_RxCpltCallback	16	static
../Core/Src/main.c:623:6:Error_Handler	4	static,ignoring_inline_asm
